.assembly extern mscorlib {
  .publickeytoken = (B7 7A 5C 56 19 34 E0 89 )
  .ver 4:0:0:0
}
.assembly extern Accessibility {
  .publickeytoken = (B0 3F 5F 7F 11 D5 0A 3A )
  .ver 2:0:0:0
}
.assembly extern System.Configuration.Install {
  .publickeytoken = (B0 3F 5F 7F 11 D5 0A 3A )
  .ver 2:0:0:0
}
.assembly extern System.Data {
  .publickeytoken = (B7 7A 5C 56 19 34 E0 89 )
  .ver 2:0:0:0
}
.assembly extern System.DirectoryServices {
  .publickeytoken = (B0 3F 5F 7F 11 D5 0A 3A )
  .ver 2:0:0:0
}
.assembly extern System {
  .publickeytoken = (B7 7A 5C 56 19 34 E0 89 )
  .ver 2:0:0:0
}
.assembly extern System.Drawing {
  .publickeytoken = (B0 3F 5F 7F 11 D5 0A 3A )
  .ver 2:0:0:0
}
.assembly extern System.EnterpriseServices {
  .publickeytoken = (B0 3F 5F 7F 11 D5 0A 3A )
  .ver 2:0:0:0
}
.assembly extern System.Management {
  .publickeytoken = (B0 3F 5F 7F 11 D5 0A 3A )
  .ver 2:0:0:0
}
.assembly extern System.Messaging {
  .publickeytoken = (B0 3F 5F 7F 11 D5 0A 3A )
  .ver 2:0:0:0
}
.assembly extern System.Runtime.Remoting {
  .publickeytoken = (B7 7A 5C 56 19 34 E0 89 )
  .ver 2:0:0:0
}
.assembly extern System.Runtime.Serialization.Formatters.Soap {
  .publickeytoken = (B0 3F 5F 7F 11 D5 0A 3A )
  .ver 2:0:0:0
}
.assembly extern System.Security {
  .publickeytoken = (B0 3F 5F 7F 11 D5 0A 3A )
  .ver 2:0:0:0
}
.assembly extern System.ServiceProcess {
  .publickeytoken = (B0 3F 5F 7F 11 D5 0A 3A )
  .ver 2:0:0:0
}
.assembly extern Mono.Unix {
  .publickeytoken = (CC 7B 13 FF CD 2D DD 51 )
  .ver 7:1:0:0
}
.assembly 'Regression4'
{ .hash algorithm 0x00008004 }
.module 'Regression4.exe'

.namespace '$' {
.class  private abstract 'Class_a' extends ['mscorlib']'System'.'Exception'{

.field private initonly string 's'
.method public instance void '.ctor'(string 's') cil {
.maxstack 2
.zeroinit
  ldarg.0
  ldarg.1
  call instance instance void ['mscorlib']'System'.'Exception'::'.ctor'(string)
  ldarg.0
  ldarg.1
  stfld string '$'.'Class_a'::'s'
  ret
{.locals ()}
}
.method public virtual instance string 'ToString'() cil {
.maxstack 3
.zeroinit
  ldarg.0
  callvirt instance string '$'.'Class_a'::'ExnMessage'()
  stloc.0
  ldsfld string '$'.'Globals'::'$l'
  stloc.1
  ldloc.1
  ldnull
  ceq
  stloc.2
  ldloc.2
  brtrue L_1
  ldloc.0
  ldloc.1
  call string ['mscorlib']'System'.'String'::'Concat'(string,string)
  stloc.0
  ldloc.0
  ret
L_1:
  ldloc.0
  ret
{.locals ([0] string /*cxwp 'PrimUtils_.prefix'*/ ,
         [1] string /*cxwn*/ ,
         [2] bool /*cyej*/ )}
}
.method public virtual instance string 'ExnMessage'() cil {
.maxstack 2
.zeroinit
  ldarg.0
  callvirt instance string '$'.'Class_a'::'ExnName'()
  stloc.0
  ldloc.0
  ldstr ": "
  call string ['mscorlib']'System'.'String'::'Concat'(string,string)
  stloc.0
  ldarg.0
  callvirt instance string ['mscorlib']'System'.'Exception'::'get_Message'()
  stloc.1
  ldloc.0
  ldloc.1
  call string ['mscorlib']'System'.'String'::'Concat'(string,string)
  stloc.0
  ldloc.0
  ret
{.locals ([0] string /*cxwv cxwt cxws*/ ,
         [1] string /*cxwu*/ )}
}
.method public virtual instance string 'ExnName'() cil {
.maxstack 1
.zeroinit
  ldstr "SML exception"
  ret
{.locals ()}
}

}
}

.class  public sealed 'Regression4' extends ['mscorlib']'System'.'Object'{

.method public static void '.cctor'() cil {
.maxstack 0
.zeroinit
  call void '$'.'Globals'::'$'()
  ret
{.locals ()}
}
.method public static void 'testLong'() cil {
.maxstack 0
.zeroinit
  tail.
  call void '$'.'Globals'::'Regression4.testLong'()
  ret
{.locals ()}
}
.method public static void 'testInt'() cil {
.maxstack 0
.zeroinit
  tail.
  call void '$'.'Globals'::'Regression4.testInt'()
  ret
{.locals ()}
}
.method public static void 'main'() cil {
.maxstack 1
.zeroinit
.entrypoint
  ldstr bytearray (54 00 65 00 73 00 74 00 69 00 6E 00 67 00 20 00 69 00 6E 00 74 00 73 00 0A 00 )
  call void '$'.'Globals'::'TextIO.print'(string)
  call void '$'.'Globals'::'Regression4.testInt'()
  ldstr bytearray (54 00 65 00 73 00 74 00 69 00 6E 00 67 00 20 00 6C 00 6F 00 6E 00 67 00 73 00 0A 00 )
  call void '$'.'Globals'::'TextIO.print'(string)
  tail.
  call void '$'.'Globals'::'Regression4.testLong'()
  ret
{.locals ()}
}
.method public static int64 'J\047'(int64 'cydr') cil {
.maxstack 1
.zeroinit
  ldarg.0
  neg
  starg.s 0
  ldstr bytearray (52 00 75 00 6E 00 6E 00 69 00 6E 00 67 00 20 00 4A 00 0A 00 )
  call void '$'.'Globals'::'TextIO.print'(string)
  ldarg.0
  ret
{.locals ()}
}
.method public static int64 'I\047'(int64 'cydu') cil {
.maxstack 2
.zeroinit
  ldarg.0
  ldc.i8 0x0000000000000001
  sub
  starg.s 0
  ldstr bytearray (52 00 75 00 6E 00 6E 00 69 00 6E 00 67 00 20 00 49 00 0A 00 )
  call void '$'.'Globals'::'TextIO.print'(string)
  ldarg.0
  ret
{.locals ()}
}
.method public static int32 'J'(int32 'cydx') cil {
.maxstack 1
.zeroinit
  ldarg.0
  neg
  starg.s 0
  ldstr bytearray (52 00 75 00 6E 00 6E 00 69 00 6E 00 67 00 20 00 4A 00 0A 00 )
  call void '$'.'Globals'::'TextIO.print'(string)
  ldarg.0
  ret
{.locals ()}
}
.method public static int32 'I'(int32 'cyea') cil {
.maxstack 2
.zeroinit
  ldarg.0
  ldc.i4.1
  sub.ovf
  starg.s 0
  ldstr bytearray (52 00 75 00 6E 00 6E 00 69 00 6E 00 67 00 20 00 49 00 0A 00 )
  call void '$'.'Globals'::'TextIO.print'(string)
  ldarg.0
  ret
{.locals ()}
}

}

.namespace '$' {
.class  private 'Fun' extends ['mscorlib']'System'.'Object'{

.method assembly instance void '.ctor'() cil {
.maxstack 2
.zeroinit
  ldarg.0
  call instance void ['mscorlib']'System'.'Object'::'.ctor'()
  ret
{.locals ()}
}

}
}

.namespace '$' {
.class  private sealed 'Tuple2_a' extends ['mscorlib']'System'.'Object'{

.field assembly char '_1'
.field assembly class '$'.'Tuple2_a' '_2'
.method assembly instance void '.ctor'(char '_1',class '$'.'Tuple2_a' '_2') cil {
.maxstack 3
.zeroinit
  ldarg.0
  call instance void ['mscorlib']'System'.'Object'::'.ctor'()
  ldarg.0
  ldarg.1
  stfld char '$'.'Tuple2_a'::'_1'
  ldarg.0
  ldarg.2
  stfld class '$'.'Tuple2_a' '$'.'Tuple2_a'::'_2'
  ret
{.locals ()}
}

}
}

.namespace '$' {
.class  private sealed 'Tuple3_a' extends ['mscorlib']'System'.'Object'{

.field assembly string '_1'
.field assembly class ['mscorlib']'System'.'Exception' '_2'
.field assembly string '_3'
.method assembly instance void '.ctor'(string '_1',class ['mscorlib']'System'.'Exception' '_2',string '_3') cil {
.maxstack 4
.zeroinit
  ldarg.0
  call instance void ['mscorlib']'System'.'Object'::'.ctor'()
  ldarg.0
  ldarg.1
  stfld string '$'.'Tuple3_a'::'_1'
  ldarg.0
  ldarg.2
  stfld class ['mscorlib']'System'.'Exception' '$'.'Tuple3_a'::'_2'
  ldarg.0
  ldarg.3
  stfld string '$'.'Tuple3_a'::'_3'
  ret
{.locals ()}
}

}
}

.namespace '!'.'IO' {
.class  private sealed 'Io' extends '$'.'Class_a'{

.field assembly class '$'.'Tuple3_a' '_1'
.method assembly instance void '.ctor'(class '$'.'Tuple3_a' '') cil {
.maxstack 3
.zeroinit
  ldarg.0
  ldnull
  call instance void '$'.'Class_a'::'.ctor'(string)
  ldarg.0
  ldarg.1
  stfld class '$'.'Tuple3_a' '!'.'IO'.'Io'::'_1'
  ret
{.locals ()}
}
.method public virtual instance string 'ExnName'() cil {
.maxstack 3
.zeroinit
  ldstr "IO.Io"
  ret
{.locals ()}
}

}
}

.namespace '!'.'PrimUtils_'.'Char' {
.class  private sealed 'Chr' extends '$'.'Class_a'{

.method assembly instance void '.ctor'() cil {
.maxstack 3
.zeroinit
  ldarg.0
  ldnull
  call instance void '$'.'Class_a'::'.ctor'(string)
  ret
{.locals ()}
}
.method public virtual instance string 'ExnName'() cil {
.maxstack 3
.zeroinit
  ldstr "PrimUtils_.Char.Chr"
  ret
{.locals ()}
}

}
}

.namespace '!'.'General' {
.class  private sealed 'Fail' extends '$'.'Class_a'{

.method assembly instance void '.ctor'(string '') cil {
.maxstack 3
.zeroinit
  ldarg.0
  ldarg.1
  call instance void '$'.'Class_a'::'.ctor'(string)
  ret
{.locals ()}
}
.method public virtual instance string 'ExnName'() cil {
.maxstack 3
.zeroinit
  ldstr "General.Fail"
  ret
{.locals ()}
}

}
}

.namespace '$' {
.class  private 'Globals' extends ['mscorlib']'System'.'Object'{

.field static assembly string '$l'
.field static assembly int32 '$g'
.field static assembly class ['mscorlib']'System'.'Exception' '$cxwb'
.field static assembly string '$cyae'
.field static assembly int32 '$cyak'
.field static assembly class ['mscorlib']'System'.'IO'.'TextWriter' '$cyan'
.method static assembly void '.cctor'() cil {
.maxstack 3
.zeroinit
  newobj instance void '!'.'PrimUtils_'.'Char'.'Chr'::.ctor()
  stsfld class ['mscorlib']'System'.'Exception' '$'.'Globals'::'$cxwb'
  ldc.i4.s 11
  conv.u4
  stloc.0
  ldc.i4.1
  ldloc.0
  shl
  stloc.1
  ldloc.1
  ldc.i4.1
  sub.ovf
  pop
  ldc.i4.s 11
  ldc.i4.1
  sub.ovf
  stloc.1
  ldloc.1
  conv.u4
  stloc.0
  ldc.i4.1
  ldloc.0
  shl
  stloc.1
  ldloc.1
  ldc.i4.1
  sub.ovf
  stloc.1
  ldloc.1
  ldc.i4.s 52
  add.ovf
  stloc.2
  ldloc.2
  ldc.i4.1
  sub.ovf
  pop
  ldc.i8 0x0000000000000040
  conv.ovf.i4
  stloc.2
  ldloc.2
  ldc.i4.1
  sub.ovf
  stloc.2
  ldloc.2
  ldloc.1
  add.ovf
  pop
  call string ['mscorlib']'System'.'Environment'::'get_NewLine'()
  stsfld string '$'.'Globals'::'$cyae'
  ldsfld string '$'.'Globals'::'$cyae'
  ldnull
  ceq
  stloc.3
  ldloc.3
  brtrue L_69
  ldsfld string '$'.'Globals'::'$cyae'
  ldc.i4.s -2147483648
  callvirt instance char ['mscorlib']'System'.'String'::'get_Chars'(int32)
  stloc.s 4
  ldsfld string '$'.'Globals'::'$cyae'
  callvirt instance int32 ['mscorlib']'System'.'String'::'get_Length'()
  stloc.1
  ldloc.1
  dup
  ldc.i4.1
  bne.un L_67
  pop
  ldloc.s 4
  ldc.i4 10
  ceq
  stloc.3
  ldloc.3
  brtrue L_66
  ldloc.s 4
  ldc.i4.s -1
  ldc.i4.1
  stsfld int32 '$'.'Globals'::'$cyak'
  pop
  pop
  br _cyaj
L_66:
  ldc.i4.s -1
  ldc.i4.s -1
  ldc.i4.s -2147483648
  stsfld int32 '$'.'Globals'::'$cyak'
  pop
  pop
  br _cyaj
L_67:
  ldc.i4.2
  bne.un L_68
  ldsfld string '$'.'Globals'::'$cyae'
  ldc.i4.1
  callvirt instance char ['mscorlib']'System'.'String'::'get_Chars'(int32)
  stloc.s 5
  ldloc.s 4
  ldloc.s 5
  ldc.i4.2
  stsfld int32 '$'.'Globals'::'$cyak'
  pop
  pop
  br _cyaj
L_68:
  ldstr " at TextIO:125.26-79"
  stsfld string '$'.'Globals'::'$l'
  ldstr "Unexpected line separator length"
  newobj instance void '!'.'General'.'Fail'::.ctor(string)
  throw
_cyaj:
  call class ['mscorlib']'System'.'IO'.'TextReader' ['mscorlib']'System'.'Console'::'get_In'()
  pop
  call class ['mscorlib']'System'.'IO'.'TextWriter' ['mscorlib']'System'.'Console'::'get_Out'()
  stsfld class ['mscorlib']'System'.'IO'.'TextWriter' '$'.'Globals'::'$cyan'
  call class ['mscorlib']'System'.'IO'.'TextWriter' ['mscorlib']'System'.'Console'::'get_Error'()
  pop
  ret
L_69:
  ldstr " at TextIO:118.20-68"
  stsfld string '$'.'Globals'::'$l'
  ldstr "No line separator available"
  newobj instance void '!'.'General'.'Fail'::.ctor(string)
  throw
{.locals ([0] unsigned int32 /*cxzy cxzv*/ ,
         [1] int32 /*cyai 'Real.eoffset' cxzz cxzx cxzw*/ ,
         [2] int32 /*cyad 'Real.large_precision' 'Real.meoffset'*/ ,
         [3] bool /*cyec cyei*/ ,
         [4] char /*'TextIO.c'*/ ,
         [5] char /*cyed*/ )}
}
.method static assembly void '$'() cil {
.maxstack 0
.zeroinit
  ret
{.locals ()}
}
.method static assembly void '.GCSafePoint'() managed noinlining {
.maxstack 0
.zeroinit
  ret
{.locals ()}
}
.method static assembly char 'PrimUtils_.chr'(int32 'cxwe') cil {
.maxstack 3
.zeroinit
  ldarg.0
  ldc.i4.s -2147483648
  clt
  stloc.0
  ldloc.0
  brtrue L_3
  ldarg.0
  ldc.i4 65535
  cgt
  stloc.0
  ldloc.0
  brtrue L_2
  ldarg.0
  ret
L_2:
  ldstr " at PrimUtils_:579.9-18"
  stsfld string '$'.'Globals'::'$l'
  ldsfld class ['mscorlib']'System'.'Exception' '$'.'Globals'::'$cxwb'
  throw
L_3:
  ldstr " at PrimUtils_:579.9-18"
  stsfld string '$'.'Globals'::'$l'
  ldsfld class ['mscorlib']'System'.'Exception' '$'.'Globals'::'$cxwb'
  throw
{.locals ([0] bool /*cxwg cxwf*/ )}
}
.method static assembly string 'Utils_.implode'(class '$'.'Tuple2_a' 'cxwz') cil {
.maxstack 3
.zeroinit
  ldarg.0
  ldnull
  ceq
  stloc.0
  ldloc.0
  brtrue L_6
  ldarg.0
  ldfld class '$'.'Tuple2_a' '$'.'Tuple2_a'::'_2'
  ldnull
  ceq
  stloc.0
  ldloc.0
  brtrue L_5
  newobj instance void ['mscorlib']'System'.'Text'.'StringBuilder'::.ctor()
  stloc.1
_cxxe:
_cxxf:
  ldarg.0
  ldnull
  ceq
  stloc.0
  ldloc.0
  brtrue L_4
  ldloc.1
  ldarg.0
  ldfld char '$'.'Tuple2_a'::'_1'
  callvirt instance class ['mscorlib']'System'.'Text'.'StringBuilder' ['mscorlib']'System'.'Text'.'StringBuilder'::'Append'(char)
  pop
  ldarg.0
  ldfld class '$'.'Tuple2_a' '$'.'Tuple2_a'::'_2'
  starg.s 0
  br _cxxf
L_4:
  ldloc.1
  callvirt instance string ['mscorlib']'System'.'Text'.'StringBuilder'::'ToString'()
  stloc.2
  ldloc.2
  ret
L_5:
  ldarg.0
  ldfld char '$'.'Tuple2_a'::'_1'
  call string ['mscorlib']'System'.'Char'::'ToString'(char)
  stloc.2
  ldloc.2
  ret
L_6:
  ldstr ""
  ret
{.locals ([0] bool /*cyef cyeg cyeh*/ ,
         [1] class ['mscorlib']'System'.'Text'.'StringBuilder' /*'Utils_.sb'*/ ,
         [2] string /*cxxm cxxk*/ )}
}
.method static assembly string '$cxxn'(int32 'cxxo') cil {
.maxstack 3
.zeroinit
  ldarg.0
  ldc.i4.s -2147483648
  clt
  stloc.0
  ldarg.0
  ldc.i4.s -2147483648
  ceq
  stloc.2
  ldloc.2
  brtrue L_13
  ldarg.0
  ldnull
  stloc.1
  starg.s 0
  br _cxxq
L_13:
  ldstr "0"
  ret
_cxxq:
_cxxr:
  ldarg.0
  ldc.i4.s -2147483648
  ceq
  stloc.2
  ldloc.2
  brtrue L_11
  ldarg.0
  ldc.i4.s 10
  div
  pop
  ldarg.0
  ldc.i4.s -2147483648
  ceq
  stloc.2
  ldloc.2
  brtrue L_9
  ldarg.0
  ldc.i4.s 10
  div
  stloc.3
  ldarg.0
  ldc.i4.s 10
  rem
  starg.s 0
  ldarg.0
  ldc.i4.s -2147483648
  clt
  stloc.2
  ldloc.2
  brtrue L_8
  br _cxxz
L_8:
  ldarg.0
  neg
  starg.s 0
_cxxz:
  ldarg.0
  ldc.i4.s 10
  clt
  stloc.2
  ldloc.2
  brtrue L_7
  ldc.i4 65
  ldc.i4.s 10
  sub.ovf
  stloc.s 4
  ldloc.s 4
  ldarg.0
  add.ovf
  starg.s 0
  ldarg.0
  call char '$'.'Globals'::'PrimUtils_.chr'(int32)
  stloc.s 5
  ldloc.3
  ldloc.s 5
  ldloc.1
  newobj instance void '$'.'Tuple2_a'::.ctor(char,class '$'.'Tuple2_a')
  stloc.1
  starg.s 0
  br _cxxr
L_7:
  ldc.i4 48
  ldarg.0
  add.ovf
  starg.s 0
  ldarg.0
  call char '$'.'Globals'::'PrimUtils_.chr'(int32)
  stloc.s 5
  ldloc.3
  ldloc.s 5
  ldloc.1
  newobj instance void '$'.'Tuple2_a'::.ctor(char,class '$'.'Tuple2_a')
  stloc.1
  starg.s 0
  br _cxxr
L_9:
  ldarg.0
  ldc.i4.s 10
  rem
  starg.s 0
  ldarg.0
  ldc.i4.s -2147483648
  clt
  stloc.2
  ldloc.2
  brtrue L_10
  br _cxxr
L_10:
  ldarg.0
  neg
  starg.s 0
  br _cxxr
L_11:
  ldloc.0
  brtrue L_12
  ldloc.1
  tail.
  call string '$'.'Globals'::'Utils_.implode'(class '$'.'Tuple2_a')
  ret
L_12:
  ldc.i4 126
  ldloc.1
  newobj instance void '$'.'Tuple2_a'::.ctor(char,class '$'.'Tuple2_a')
  tail.
  call string '$'.'Globals'::'Utils_.implode'(class '$'.'Tuple2_a')
  ret
{.locals ([0] bool /*'Utils_.negative'*/ ,
         [1] class '$'.'Tuple2_a' /*cxxs*/ ,
         [2] bool /*cxyo cxyl cxyb cxxy cxxv cxxu*/ ,
         [3] int32 /*cxxw*/ ,
         [4] int32 /*cxyc*/ ,
         [5] char /*cxyh cxye*/ )}
}
.method static assembly string '$cxyp'(int64 'cxyq') cil {
.maxstack 3
.zeroinit
  ldc.i4.s 10
  conv.i8
  stloc.0
  ldarg.0
  ldc.i8 0x0000000000000000
  clt
  stloc.1
  ldarg.0
  ldc.i8 0x0000000000000000
  ceq
  stloc.3
  ldloc.3
  brtrue L_20
  ldarg.0
  ldnull
  stloc.2
  starg.s 0
  br _cxyt
L_20:
  ldstr "0"
  ret
_cxyt:
_cxyu:
  ldarg.0
  ldc.i8 0x0000000000000000
  ceq
  stloc.3
  ldloc.3
  brtrue L_18
  ldarg.0
  ldloc.0
  div
  pop
  ldarg.0
  ldc.i8 0x0000000000000000
  ceq
  stloc.3
  ldloc.3
  brtrue L_16
  ldarg.0
  ldloc.0
  div
  stloc.s 4
  ldarg.0
  ldloc.0
  rem
  starg.s 0
  ldarg.0
  ldc.i8 0x0000000000000000
  clt
  stloc.3
  ldloc.3
  brtrue L_15
  br _cxzc
L_15:
  ldarg.0
  neg
  starg.s 0
_cxzc:
  ldarg.0
  conv.ovf.i4
  stloc.s 5
  ldloc.s 5
  ldc.i4.s 10
  clt
  stloc.3
  ldloc.3
  brtrue L_14
  ldc.i4 65
  ldc.i4.s 10
  sub.ovf
  stloc.s 5
  ldarg.0
  conv.ovf.i4
  stloc.s 6
  ldloc.s 5
  ldloc.s 6
  add.ovf
  stloc.s 5
  ldloc.s 5
  call char '$'.'Globals'::'PrimUtils_.chr'(int32)
  stloc.s 7
  ldloc.s 4
  ldloc.s 7
  ldloc.2
  newobj instance void '$'.'Tuple2_a'::.ctor(char,class '$'.'Tuple2_a')
  stloc.2
  starg.s 0
  br _cxyu
L_14:
  ldarg.0
  conv.ovf.i4
  stloc.s 5
  ldc.i4 48
  ldloc.s 5
  add.ovf
  stloc.s 5
  ldloc.s 5
  call char '$'.'Globals'::'PrimUtils_.chr'(int32)
  stloc.s 7
  ldloc.s 4
  ldloc.s 7
  ldloc.2
  newobj instance void '$'.'Tuple2_a'::.ctor(char,class '$'.'Tuple2_a')
  stloc.2
  starg.s 0
  br _cxyu
L_16:
  ldarg.0
  ldloc.0
  rem
  starg.s 0
  ldarg.0
  ldc.i8 0x0000000000000000
  clt
  stloc.3
  ldloc.3
  brtrue L_17
  br _cxyu
L_17:
  ldarg.0
  neg
  starg.s 0
  br _cxyu
L_18:
  ldloc.1
  brtrue L_19
  ldloc.2
  tail.
  call string '$'.'Globals'::'Utils_.implode'(class '$'.'Tuple2_a')
  ret
L_19:
  ldc.i4 126
  ldloc.2
  newobj instance void '$'.'Tuple2_a'::.ctor(char,class '$'.'Tuple2_a')
  tail.
  call string '$'.'Globals'::'Utils_.implode'(class '$'.'Tuple2_a')
  ret
{.locals ([0] int64 /*'Utils_.base'*/ ,
         [1] bool /*'Utils_.negative'*/ ,
         [2] class '$'.'Tuple2_a' /*cxyv*/ ,
         [3] bool /*cxzu cxzr cxzf cxzb cxyy cxyx*/ ,
         [4] int64 /*cxyz*/ ,
         [5] int32 /*cxzm cxzl cxzi cxzg cxze*/ ,
         [6] int32 /*cxzh*/ ,
         [7] char /*cxzn cxzj*/ )}
}
.method static assembly void 'TextIO.print'(string 'cyap') cil {
.maxstack 3
.zeroinit
  ldsfld int32 '$'.'Globals'::'$cyak'
  ldc.i4.s -2147483648
  ceq
  stloc.0
  ldloc.0
  brtrue L_53
  ldarg.0
  callvirt instance int32 ['mscorlib']'System'.'String'::'get_Length'()
  stloc.1
  ldc.i4.s -2147483648
  stloc.3
_cyaw:
_cyax:
  ldloc.3
  ldloc.1
  clt
  stloc.0
  ldloc.0
  brtrue L_26
L_21:
  ldsfld class ['mscorlib']'System'.'IO'.'TextWriter' '$'.'Globals'::'$cyan'
  callvirt instance void ['mscorlib']'System'.'IO'.'TextWriter'::'Flush'()
  leave L_22
L_22:
  ret
L_24:
  stloc.2
  ldstr " at TextIO:87.8-91.12"
  stsfld string '$'.'Globals'::'$l'
  ldstr "TextWriter"
  ldloc.2
  ldstr "flushOut"
  newobj instance void '$'.'Tuple3_a'::.ctor(string,class ['mscorlib']'System'.'Exception',string)
  newobj instance void '!'.'IO'.'Io'::.ctor(class '$'.'Tuple3_a')
  throw
L_25:
L_23:
  ret
.try L_21 to L_22 catch ['mscorlib']'System'.'Exception' handler L_24 to L_25
L_26:
L_27:
  ldarg.0
  ldloc.3
  callvirt instance char ['mscorlib']'System'.'String'::'get_Chars'(int32)
  stloc.s 4
  leave L_28
L_28:
  ldloc.s 4
  ldc.i4 10
  ceq
  stloc.0
  ldloc.0
  brtrue L_39
L_29:
  ldsfld class ['mscorlib']'System'.'IO'.'TextWriter' '$'.'Globals'::'$cyan'
  ldloc.s 4
  callvirt instance void ['mscorlib']'System'.'IO'.'TextWriter'::'Write'(char)
  leave L_30
L_30:
L_31:
  ldloc.3
  ldc.i4.1
  add.ovf
  stloc.3
  leave L_32
L_32:
  br _cyax
L_34:
  stloc.2
  leave _cyas
L_35:
L_33:
  ret
.try L_31 to L_32 catch ['mscorlib']'System'.'Exception' handler L_34 to L_35
L_37:
  stloc.2
  leave _cyas
L_38:
L_36:
  ret
.try L_29 to L_30 catch ['mscorlib']'System'.'Exception' handler L_37 to L_38
L_39:
L_40:
  ldsfld class ['mscorlib']'System'.'IO'.'TextWriter' '$'.'Globals'::'$cyan'
  ldsfld string '$'.'Globals'::'$cyae'
  callvirt instance void ['mscorlib']'System'.'IO'.'TextWriter'::'Write'(string)
  leave L_41
L_41:
L_42:
  ldloc.3
  ldc.i4.1
  add.ovf
  stloc.3
  leave L_43
L_43:
  br _cyax
L_45:
  stloc.2
  leave _cyas
L_46:
L_44:
  ret
.try L_42 to L_43 catch ['mscorlib']'System'.'Exception' handler L_45 to L_46
L_48:
  stloc.2
  leave _cyas
L_49:
L_47:
  ret
.try L_40 to L_41 catch ['mscorlib']'System'.'Exception' handler L_48 to L_49
L_51:
  stloc.2
  leave _cyas
L_52:
L_50:
  ret
.try L_27 to L_28 catch ['mscorlib']'System'.'Exception' handler L_51 to L_52
_cyas:
  ldstr " at TextIO:87.8-91.12"
  stsfld string '$'.'Globals'::'$l'
  ldstr "TextWriter"
  ldloc.2
  ldstr "output"
  newobj instance void '$'.'Tuple3_a'::.ctor(string,class ['mscorlib']'System'.'Exception',string)
  newobj instance void '!'.'IO'.'Io'::.ctor(class '$'.'Tuple3_a')
  throw
L_53:
L_54:
  ldsfld class ['mscorlib']'System'.'IO'.'TextWriter' '$'.'Globals'::'$cyan'
  ldarg.0
  callvirt instance void ['mscorlib']'System'.'IO'.'TextWriter'::'Write'(string)
  leave L_55
L_55:
L_56:
  ldsfld class ['mscorlib']'System'.'IO'.'TextWriter' '$'.'Globals'::'$cyan'
  callvirt instance void ['mscorlib']'System'.'IO'.'TextWriter'::'Flush'()
  leave L_57
L_57:
  ret
L_59:
  stloc.2
  ldstr " at TextIO:87.8-91.12"
  stsfld string '$'.'Globals'::'$l'
  ldstr "TextWriter"
  ldloc.2
  ldstr "flushOut"
  newobj instance void '$'.'Tuple3_a'::.ctor(string,class ['mscorlib']'System'.'Exception',string)
  newobj instance void '!'.'IO'.'Io'::.ctor(class '$'.'Tuple3_a')
  throw
L_60:
L_58:
  ret
.try L_56 to L_57 catch ['mscorlib']'System'.'Exception' handler L_59 to L_60
L_62:
  stloc.2
  ldstr " at TextIO:87.8-91.12"
  stsfld string '$'.'Globals'::'$l'
  ldstr "TextWriter"
  ldloc.2
  ldstr "output"
  newobj instance void '$'.'Tuple3_a'::.ctor(string,class ['mscorlib']'System'.'Exception',string)
  newobj instance void '!'.'IO'.'Io'::.ctor(class '$'.'Tuple3_a')
  throw
L_63:
L_61:
  ret
.try L_54 to L_55 catch ['mscorlib']'System'.'Exception' handler L_62 to L_63
{.locals ([0] bool /*cybf cyaz cyaq*/ ,
         [1] int32 /*'CharVector.stop'*/ ,
         [2] class ['mscorlib']'System'.'Exception' /*cybm cybp cybd cybj cybk cybg cybh cyba cyat*/ ,
         [3] int32 /*cybl cybi cyay*/ ,
         [4] char /*cybe*/ )}
}
.method static assembly void 'Regression4.testInt'() cil {
.maxstack 3
.zeroinit
  ldc.i4.s -2147483648
  ldc.i4.1
  sub.ovf
  stloc.0
  ldstr bytearray (52 00 75 00 6E 00 6E 00 69 00 6E 00 67 00 20 00 49 00 0A 00 )
  call void '$'.'Globals'::'TextIO.print'(string)
  ldc.i4.s -2147483648
  ldc.i4.1
  sub.ovf
  stloc.1
  ldstr bytearray (52 00 75 00 6E 00 6E 00 69 00 6E 00 67 00 20 00 4A 00 0A 00 )
  call void '$'.'Globals'::'TextIO.print'(string)
  ldc.i4.2
  ldc.i4.s -2
  mul.ovf
  stloc.2
  ldc.i4.1
  ldc.i4.s -1
  ceq
  stloc.3
  ldloc.3
  brtrue L_64
  ldc.i4.2
  ldc.i4.s -1
  sub.ovf
  stloc.s 4
  ldloc.s 4
  ldc.i4.s -1
  add.ovf
  stloc.s 4
  ldloc.s 4
  ldc.i4.s -1
  div
  stloc.s 4
  br _cybx
L_64:
  ldc.i4.s -2
  stloc.s 4
_cybx:
  ldc.i4.2
  neg
  stloc.s 5
  ldloc.0
  call string '$'.'Globals'::'$cxxn'(int32)
  stloc.s 6
  ldstr "I: "
  ldloc.s 6
  call string ['mscorlib']'System'.'String'::'Concat'(string,string)
  stloc.s 6
  ldloc.s 6
  ldstr bytearray (0A 00 )
  call string ['mscorlib']'System'.'String'::'Concat'(string,string)
  stloc.s 6
  ldloc.s 6
  call void '$'.'Globals'::'TextIO.print'(string)
  ldloc.1
  call string '$'.'Globals'::'$cxxn'(int32)
  stloc.s 6
  ldstr "I': "
  ldloc.s 6
  call string ['mscorlib']'System'.'String'::'Concat'(string,string)
  stloc.s 6
  ldloc.s 6
  ldstr bytearray (0A 00 )
  call string ['mscorlib']'System'.'String'::'Concat'(string,string)
  stloc.s 6
  ldloc.s 6
  call void '$'.'Globals'::'TextIO.print'(string)
  ldloc.s 5
  call string '$'.'Globals'::'$cxxn'(int32)
  stloc.s 6
  ldstr "J: "
  ldloc.s 6
  call string ['mscorlib']'System'.'String'::'Concat'(string,string)
  stloc.s 6
  ldloc.s 6
  ldstr bytearray (0A 00 )
  call string ['mscorlib']'System'.'String'::'Concat'(string,string)
  stloc.s 6
  ldloc.s 6
  call void '$'.'Globals'::'TextIO.print'(string)
  ldloc.2
  call string '$'.'Globals'::'$cxxn'(int32)
  stloc.s 6
  ldstr "K: "
  ldloc.s 6
  call string ['mscorlib']'System'.'String'::'Concat'(string,string)
  stloc.s 6
  ldloc.s 6
  ldstr bytearray (0A 00 )
  call string ['mscorlib']'System'.'String'::'Concat'(string,string)
  stloc.s 6
  ldloc.s 6
  call void '$'.'Globals'::'TextIO.print'(string)
  ldloc.s 4
  call string '$'.'Globals'::'$cxxn'(int32)
  stloc.s 6
  ldstr "L: "
  ldloc.s 6
  call string ['mscorlib']'System'.'String'::'Concat'(string,string)
  stloc.s 6
  ldloc.s 6
  ldstr bytearray (0A 00 )
  call string ['mscorlib']'System'.'String'::'Concat'(string,string)
  stloc.s 6
  ldloc.s 6
  tail.
  call void '$'.'Globals'::'TextIO.print'(string)
  ret
{.locals ([0] int32 /*cybt*/ ,
         [1] int32 /*'Regression4.i\047'*/ ,
         [2] int32 /*'Regression4.k'*/ ,
         [3] bool /*cybw*/ ,
         [4] int32 /*'Regression4.l' cycq cycp 'Regression4.l'*/ ,
         [5] int32 /*cybz*/ ,
         [6] string /*cyco cycn cycm cycl cyck cycj cyci cych cycg cycf cyce cycd cycc cycb cyca*/ )}
}
.method static assembly void 'Regression4.testLong'() cil {
.maxstack 3
.zeroinit
  ldstr bytearray (52 00 75 00 6E 00 6E 00 69 00 6E 00 67 00 20 00 49 00 0A 00 )
  call void '$'.'Globals'::'TextIO.print'(string)
  ldstr bytearray (52 00 75 00 6E 00 6E 00 69 00 6E 00 67 00 20 00 4A 00 0A 00 )
  call void '$'.'Globals'::'TextIO.print'(string)
  ldc.i8 0x0000000000000001
  ldc.i8 0xffffffffffffffff
  ceq
  stloc.0
  ldloc.0
  brtrue L_65
  ldc.i8 0xfffffffffffffffe
  stloc.1
  br _cycu
L_65:
  ldc.i8 0xfffffffffffffffe
  stloc.1
_cycu:
  ldc.i8 0x0000000000000002
  neg
  stloc.2
  ldc.i8 0xffffffffffffffff
  call string '$'.'Globals'::'$cxyp'(int64)
  stloc.3
  ldstr "I: "
  ldloc.3
  call string ['mscorlib']'System'.'String'::'Concat'(string,string)
  stloc.3
  ldloc.3
  ldstr bytearray (0A 00 )
  call string ['mscorlib']'System'.'String'::'Concat'(string,string)
  stloc.3
  ldloc.3
  call void '$'.'Globals'::'TextIO.print'(string)
  ldc.i8 0xffffffffffffffff
  call string '$'.'Globals'::'$cxyp'(int64)
  stloc.3
  ldstr "I': "
  ldloc.3
  call string ['mscorlib']'System'.'String'::'Concat'(string,string)
  stloc.3
  ldloc.3
  ldstr bytearray (0A 00 )
  call string ['mscorlib']'System'.'String'::'Concat'(string,string)
  stloc.3
  ldloc.3
  call void '$'.'Globals'::'TextIO.print'(string)
  ldloc.2
  call string '$'.'Globals'::'$cxyp'(int64)
  stloc.3
  ldstr "J: "
  ldloc.3
  call string ['mscorlib']'System'.'String'::'Concat'(string,string)
  stloc.3
  ldloc.3
  ldstr bytearray (0A 00 )
  call string ['mscorlib']'System'.'String'::'Concat'(string,string)
  stloc.3
  ldloc.3
  call void '$'.'Globals'::'TextIO.print'(string)
  ldc.i8 0xfffffffffffffffc
  call string '$'.'Globals'::'$cxyp'(int64)
  stloc.3
  ldstr "K: "
  ldloc.3
  call string ['mscorlib']'System'.'String'::'Concat'(string,string)
  stloc.3
  ldloc.3
  ldstr bytearray (0A 00 )
  call string ['mscorlib']'System'.'String'::'Concat'(string,string)
  stloc.3
  ldloc.3
  call void '$'.'Globals'::'TextIO.print'(string)
  ldloc.1
  call string '$'.'Globals'::'$cxyp'(int64)
  stloc.3
  ldstr "L: "
  ldloc.3
  call string ['mscorlib']'System'.'String'::'Concat'(string,string)
  stloc.3
  ldloc.3
  ldstr bytearray (0A 00 )
  call string ['mscorlib']'System'.'String'::'Concat'(string,string)
  stloc.3
  ldloc.3
  tail.
  call void '$'.'Globals'::'TextIO.print'(string)
  ret
{.locals ([0] bool /*cyct*/ ,
         [1] int64 /*'Regression4.l'*/ ,
         [2] int64 /*cycw*/ ,
         [3] string /*cydl cydk cydj cydi cydh cydg cydf cyde cydd cydc cydb cyda cycz cycy cycx*/ )}
}

}
}
